[developer.mozilla.org/en-US/docs/Web/Accessibility/ARIA.html]
[backblue.gif]
[fade.gif]
[index.html]
[developer.mozilla.org/en-US/docs/Web/Accessibility/ARIA/ARIA_Guides.html]
[developer.mozilla.org/en-US/docs/Web/Accessibility/ARIA/ARIA_Live_Regions.html]
[developer.mozilla.org/en-US/docs/Web/Accessibility/ARIA/Annotations.html]
[developer.mozilla.org/en-US/docs/Web/Accessibility/ARIA/ARIA_Techniques.html]
[developer.mozilla.org/en-US/docs/Web/Accessibility/ARIA/ARIA_Screen_Reader_Implementors_Guide.html]
[developer.mozilla.org/en-US/docs/Web/Accessibility/ARIA/forms.html]
[developer.mozilla.org/en-US/docs/Web/Accessibility/ARIA/How_to_file_ARIA-related_bugs.html]
[developer.mozilla.org/en-US/docs/Web/Accessibility/ARIA/Attributes/aria-activedescendant.html]
[developer.mozilla.org/en-US/docs/Web/Accessibility/ARIA/Attributes/aria-atomic.html]
[developer.mozilla.org/en-US/docs/Web/Accessibility/ARIA/Attributes/aria-autocomplete.html]
[developer.mozilla.org/en-US/docs/Web/Accessibility/ARIA/Attributes/aria-braillelabel.html]
[developer.mozilla.org/en-US/docs/Web/Accessibility/ARIA/Attributes/aria-brailleroledescription.html]
[developer.mozilla.org/en-US/docs/Web/Accessibility/ARIA/Attributes/aria-busy.html]
[developer.mozilla.org/en-US/docs/Web/Accessibility/ARIA/Attributes/aria-checked.html]
[developer.mozilla.org/en-US/docs/Web/Accessibility/ARIA/Attributes/aria-colcount.html]
[developer.mozilla.org/en-US/docs/Web/Accessibility/ARIA/Attributes/aria-colindex.html]
[developer.mozilla.org/en-US/docs/Web/Accessibility/ARIA/Attributes/aria-colindextext.html]
[developer.mozilla.org/en-US/docs/Web/Accessibility/ARIA/Attributes/aria-colspan.html]
[developer.mozilla.org/en-US/docs/Web/Accessibility/ARIA/Attributes/aria-controls.html]
[developer.mozilla.org/en-US/docs/Web/Accessibility/ARIA/Attributes/aria-current.html]
[developer.mozilla.org/en-US/docs/Web/Accessibility/ARIA/Attributes/aria-describedby.html]
[developer.mozilla.org/en-US/docs/Web/Accessibility/ARIA/Attributes/aria-details.html]
[developer.mozilla.org/en-US/docs/Web/Accessibility/ARIA/Attributes/aria-description.html]
[developer.mozilla.org/en-US/docs/Web/Accessibility/ARIA/Attributes/aria-disabled.html]
[developer.mozilla.org/en-US/docs/Web/Accessibility/ARIA/Attributes/aria-dropeffect.html]
[developer.mozilla.org/en-US/docs/Web/Accessibility/ARIA/Attributes/aria-errormessage.html]
[developer.mozilla.org/en-US/docs/Web/Accessibility/ARIA/Attributes/aria-expanded.html]
[developer.mozilla.org/en-US/docs/Web/Accessibility/ARIA/Attributes/aria-flowto.html]
[developer.mozilla.org/en-US/docs/Web/Accessibility/ARIA/Attributes/aria-grabbed.html]
[developer.mozilla.org/en-US/docs/Web/Accessibility/ARIA/Attributes/aria-haspopup.html]
[developer.mozilla.org/en-US/docs/Web/Accessibility/ARIA/Attributes/aria-hidden.html]
[developer.mozilla.org/en-US/docs/Web/Accessibility/ARIA/Attributes/aria-invalid.html]
[developer.mozilla.org/en-US/docs/Web/Accessibility/ARIA/Attributes/aria-keyshortcuts.html]
[developer.mozilla.org/en-US/docs/Web/Accessibility/ARIA/Attributes/aria-label.html]
[developer.mozilla.org/en-US/docs/Web/Accessibility/ARIA/Attributes/aria-labelledby.html]
[developer.mozilla.org/en-US/docs/Web/Accessibility/ARIA/Attributes/aria-level.html]
[developer.mozilla.org/en-US/docs/Web/Accessibility/ARIA/Attributes/aria-live.html]
[developer.mozilla.org/en-US/docs/Web/Accessibility/ARIA/Attributes/aria-modal.html]
[developer.mozilla.org/en-US/docs/Web/Accessibility/ARIA/Attributes/aria-multiline.html]
[developer.mozilla.org/en-US/docs/Web/Accessibility/ARIA/Attributes/aria-multiselectable.html]
[developer.mozilla.org/en-US/docs/Web/Accessibility/ARIA/Attributes/aria-orientation.html]
[developer.mozilla.org/en-US/docs/Web/Accessibility/ARIA/Attributes/aria-owns.html]
[developer.mozilla.org/en-US/docs/Web/Accessibility/ARIA/Attributes/aria-placeholder.html]
[developer.mozilla.org/en-US/docs/Web/Accessibility/ARIA/Attributes/aria-pressed.html]
[developer.mozilla.org/en-US/docs/Web/Accessibility/ARIA/Attributes/aria-posinset.html]
[developer.mozilla.org/en-US/docs/Web/Accessibility/ARIA/Attributes/aria-readonly.html]
[developer.mozilla.org/en-US/docs/Web/Accessibility/ARIA/Attributes/aria-relevant.html]
[developer.mozilla.org/en-US/docs/Web/Accessibility/ARIA/Attributes/aria-required.html]
[developer.mozilla.org/en-US/docs/Web/Accessibility/ARIA/Attributes/aria-roledescription.html]
[developer.mozilla.org/en-US/docs/Web/Accessibility/ARIA/Attributes/aria-rowcount.html]
[developer.mozilla.org/en-US/docs/Web/Accessibility/ARIA/Attributes/aria-rowindex.html]
[developer.mozilla.org/en-US/docs/Web/Accessibility/ARIA/Attributes/aria-rowindextext.html]
[developer.mozilla.org/en-US/docs/Web/Accessibility/ARIA/Attributes/aria-rowspan.html]
[developer.mozilla.org/en-US/docs/Web/Accessibility/ARIA/Attributes/aria-selected.html]
[developer.mozilla.org/en-US/docs/Web/Accessibility/ARIA/Attributes/aria-sort.html]
[developer.mozilla.org/en-US/docs/Web/Accessibility/ARIA/Attributes/aria-setsize.html]
[developer.mozilla.org/en-US/docs/Web/Accessibility/ARIA/Attributes/aria-valuemax.html]
[developer.mozilla.org/en-US/docs/Web/Accessibility/ARIA/Attributes/aria-valuemin.html]
[developer.mozilla.org/en-US/docs/Web/Accessibility/ARIA/Attributes/aria-valuetext.html]
[developer.mozilla.org/en-US/docs/Web/Accessibility/ARIA/Attributes/aria-valuenow.html]
[developer.mozilla.org/en-US/docs/Web/Accessibility/ARIA/Roles/alert_role.html]
[developer.mozilla.org/en-US/docs/Web/Accessibility/ARIA/Roles/alertdialog_role.html]
[developer.mozilla.org/en-US/docs/Web/Accessibility/ARIA/Roles/application_role.html]
[developer.mozilla.org/en-US/docs/Web/Accessibility/ARIA/Roles/article_role.html]
[developer.mozilla.org/en-US/docs/Web/Accessibility/ARIA/Roles/banner_role.html]
[developer.mozilla.org/en-US/docs/Web/Accessibility/ARIA/Roles/button_role.html]
[developer.mozilla.org/en-US/docs/Web/Accessibility/ARIA/Roles/checkbox_role.html]
[developer.mozilla.org/en-US/docs/Web/Accessibility/ARIA/Roles/cell_role.html]
[developer.mozilla.org/en-US/docs/Web/Accessibility/ARIA/Roles/columnheader_role.html]
[developer.mozilla.org/en-US/docs/Web/Accessibility/ARIA/Roles/command_role.html]
[developer.mozilla.org/en-US/docs/Web/Accessibility/ARIA/Roles/comment_role.html]
[developer.mozilla.org/en-US/docs/Web/Accessibility/ARIA/Roles/composite_role.html]
[developer.mozilla.org/en-US/docs/Web/Accessibility/ARIA/Roles/complementary_role.html]
[developer.mozilla.org/en-US/docs/Web/Accessibility/ARIA/Roles/dialog_role.html]
[developer.mozilla.org/en-US/docs/Web/Accessibility/ARIA/Roles/definition_role.html]
[developer.mozilla.org/en-US/docs/Web/Accessibility/ARIA/Roles/directory_role.html]
[developer.mozilla.org/en-US/docs/Web/Accessibility/ARIA/Roles/document_role.html]
[developer.mozilla.org/en-US/docs/Web/Accessibility/ARIA/Roles/structural_roles.html]
[developer.mozilla.org/en-US/docs/Web/Accessibility/ARIA/Roles/figure_role.html]
[developer.mozilla.org/en-US/docs/Web/Accessibility/ARIA/Roles/feed_role.html]
[developer.mozilla.org/en-US/docs/Web/Accessibility/ARIA/Roles/form_role.html]
[developer.mozilla.org/en-US/docs/Web/Accessibility/ARIA/Roles/generic_role.html]
[developer.mozilla.org/en-US/docs/Web/Accessibility/ARIA/Roles/grid_role.html]
[developer.mozilla.org/en-US/docs/Web/Accessibility/ARIA/Roles/group_role.html]
[developer.mozilla.org/en-US/docs/Web/Accessibility/ARIA/Roles/gridcell_role.html]
[developer.mozilla.org/en-US/docs/Web/Accessibility/ARIA/Roles/heading_role.html]
[developer.mozilla.org/en-US/docs/Web/Accessibility/ARIA/Roles/img_role.html]
[developer.mozilla.org/en-US/docs/Web/Accessibility/ARIA/Roles/landmark_role.html]
[developer.mozilla.org/en-US/docs/Web/Accessibility/ARIA/Roles/list_role.html]
[developer.mozilla.org/en-US/docs/Web/Accessibility/ARIA/Roles/link_role.html]
[developer.mozilla.org/en-US/docs/Web/Accessibility/ARIA/Roles/listbox_role.html]
[developer.mozilla.org/en-US/docs/Web/Accessibility/ARIA/Roles/listitem_role.html]
[developer.mozilla.org/en-US/docs/Web/Accessibility/ARIA/Roles/log_role.html]
[developer.mozilla.org/en-US/docs/Web/Accessibility/ARIA/Roles/main_role.html]
[developer.mozilla.org/en-US/docs/Web/Accessibility/ARIA/Roles/mark_role.html]
[developer.mozilla.org/en-US/docs/Web/Accessibility/ARIA/Roles/marquee_role.html]
[developer.mozilla.org/en-US/docs/Web/Accessibility/ARIA/Roles/math_role.html]
[developer.mozilla.org/en-US/docs/Web/Accessibility/ARIA/Roles/menu_role.html]
[developer.mozilla.org/en-US/docs/Web/Accessibility/ARIA/Roles/menuitem_role.html]
[developer.mozilla.org/en-US/docs/Web/Accessibility/ARIA/Roles/menuitemcheckbox_role.html]
[developer.mozilla.org/en-US/docs/Web/Accessibility/ARIA/Roles/menuitemradio_role.html]
[developer.mozilla.org/en-US/docs/Web/Accessibility/ARIA/Roles/meter_role.html]
[developer.mozilla.org/en-US/docs/Web/Accessibility/ARIA/Roles/navigation_role.html]
[developer.mozilla.org/en-US/docs/Web/Accessibility/ARIA/Roles/none_role.html]
[developer.mozilla.org/en-US/docs/Web/Accessibility/ARIA/Roles/note_role.html]
[developer.mozilla.org/en-US/docs/Web/Accessibility/ARIA/Roles/option_role.html]
[developer.mozilla.org/en-US/docs/Web/Accessibility/ARIA/Roles/progressbar_role.html]
[developer.mozilla.org/en-US/docs/Web/Accessibility/ARIA/Roles/presentation_role.html]
[developer.mozilla.org/en-US/docs/Web/Accessibility/ARIA/Roles/radio_role.html]
[developer.mozilla.org/en-US/docs/Web/Accessibility/ARIA/Roles/range_role.html]
[developer.mozilla.org/en-US/docs/web/accessibility/aria/roles/radiogroup_role.html]
[developer.mozilla.org/en-US/docs/Web/Accessibility/ARIA/Roles/region_role.html]
[developer.mozilla.org/en-US/docs/Web/Accessibility/ARIA/Roles/roletype_role.html]
[developer.mozilla.org/en-US/docs/Web/Accessibility/ARIA/Roles/row_role.html]
[developer.mozilla.org/en-US/docs/Web/Accessibility/ARIA/Roles/rowgroup_role.html]
[developer.mozilla.org/en-US/docs/Web/Accessibility/ARIA/Roles/rowheader_role.html]
[developer.mozilla.org/en-US/docs/Web/Accessibility/ARIA/Roles/scrollbar_role.html]
[developer.mozilla.org/en-US/docs/Web/Accessibility/ARIA/Roles/search_role.html]
[developer.mozilla.org/en-US/docs/Web/Accessibility/ARIA/Roles/searchbox_role.html]
[developer.mozilla.org/en-US/docs/Web/Accessibility/ARIA/Roles/section_role.html]
[developer.mozilla.org/en-US/docs/Web/Accessibility/ARIA/Roles/sectionhead_role.html]
[developer.mozilla.org/en-US/docs/Web/Accessibility/ARIA/Roles/select_role.html]
[developer.mozilla.org/en-US/docs/Web/Accessibility/ARIA/Roles/separator_role.html]
[developer.mozilla.org/en-US/docs/Web/Accessibility/ARIA/Roles/slider_role.html]
[developer.mozilla.org/en-US/docs/Web/Accessibility/ARIA/Roles/spinbutton_role.html]
[developer.mozilla.org/en-US/docs/Web/Accessibility/ARIA/Roles/status_role.html]
[developer.mozilla.org/en-US/docs/Web/Accessibility/ARIA/Roles/structure_role.html]
[developer.mozilla.org/en-US/docs/Web/Accessibility/ARIA/Roles/suggestion_role.html]
[developer.mozilla.org/en-US/docs/Web/Accessibility/ARIA/Roles/table_role.html]
[developer.mozilla.org/en-US/docs/Web/Accessibility/ARIA/Roles/tablist_role.html]
[developer.mozilla.org/en-US/docs/Web/Accessibility/ARIA/Roles/tabpanel_role.html]
[developer.mozilla.org/en-US/docs/Web/Accessibility/ARIA/Roles/term_role.html]
[developer.mozilla.org/en-US/docs/Web/Accessibility/ARIA/Roles/textbox_role.html]
[developer.mozilla.org/en-US/docs/Web/Accessibility/ARIA/Roles/timer_role.html]
[developer.mozilla.org/en-US/docs/Web/Accessibility/ARIA/Roles/toolbar_role.html]
[developer.mozilla.org/en-US/docs/Web/Accessibility/ARIA/Roles/tree_role.html]
[developer.mozilla.org/en-US/docs/Web/Accessibility/ARIA/Roles/treegrid_role.html]
[developer.mozilla.org/en-US/docs/Web/Accessibility/ARIA/Roles/widget_role.html]
[developer.mozilla.org/en-US/docs/Web/Accessibility/ARIA/Roles/treeitem_role.html]
[developer.mozilla.org/en-US/docs/Web/Accessibility/ARIA/Roles/window_role.html]
[developer.mozilla.org/en-US/docs/Web/Accessibility/ARIA/Roles.html]
[developer.mozilla.org/en-US/docs/Web/Accessibility/ARIA/Attributes.html]
[developer.mozilla.org/en-US/docs/Web/Accessibility/Keyboard-navigable_JavaScript_widgets.html]
[developer.mozilla.org/en-US/docs/Web/Accessibility/ARIA/contributors.txt]
[developer.mozilla.org/en-US/docs/Web/Accessibility/ARIA.html]
[developer.mozilla.org/en-US/docs/Web/Accessibility/ARIA/Annotations/contributors.txt]
[developer.mozilla.org/en-US/docs/Web/Accessibility/ARIA/Annotations.html]
[developer.mozilla.org/en-US/docs/Web/Accessibility/ARIA/forms/Multipart_labels.html]
[developer.mozilla.org/en-US/docs/Web/Accessibility/ARIA/ARIA_Guides/contributors.txt]
[developer.mozilla.org/en-US/docs/Web/Accessibility/ARIA/ARIA_Guides.html]
[developer.mozilla.org/en-US/docs/Web/Accessibility/ARIA/ARIA_Live_Regions/web_accessibility_aria_aria_live_regions.png]
[developer.mozilla.org/en-US/docs/Web/Accessibility/ARIA/ARIA_Live_Regions/contributors.txt]
[developer.mozilla.org/en-US/docs/Web/Accessibility/ARIA/ARIA_Live_Regions.html]
[developer.mozilla.org/en-US/docs/Web/Accessibility/ARIA/ARIA_Screen_Reader_Implementors_Guide/contributors.txt]
[developer.mozilla.org/en-US/docs/Web/Accessibility/ARIA/ARIA_Screen_Reader_Implementors_Guide.html]
[developer.mozilla.org/en-US/docs/Web/Accessibility/ARIA/ARIA_Techniques/contributors.txt]
[developer.mozilla.org/en-US/docs/Web/Accessibility/ARIA/ARIA_Techniques.html]
[developer.mozilla.org/en-US/docs/Web/Accessibility/ARIA/forms/contributors.txt]
[developer.mozilla.org/en-US/docs/Web/Accessibility/ARIA/forms.html]
[developer.mozilla.org/en-US/docs/Web/Accessibility/ARIA/How_to_file_ARIA-related_bugs/contributors.txt]
[developer.mozilla.org/en-US/docs/Web/Accessibility/ARIA/How_to_file_ARIA-related_bugs.html]
[developer.mozilla.org/en-US/docs/Web/Accessibility/ARIA/Attributes/aria-activedescendant/contributors.txt]
[developer.mozilla.org/en-US/docs/Web/Accessibility/ARIA/Attributes/aria-activedescendant.html]
[developer.mozilla.org/en-US/docs/Web/Accessibility/ARIA/Attributes/aria-atomic/contributors.txt]
[developer.mozilla.org/en-US/docs/Web/Accessibility/ARIA/Attributes/aria-atomic.html]
[developer.mozilla.org/en-US/docs/Web/Accessibility/ARIA/Attributes/aria-autocomplete/contributors.txt]
[developer.mozilla.org/en-US/docs/Web/Accessibility/ARIA/Attributes/aria-autocomplete.html]
[developer.mozilla.org/en-US/docs/Web/Accessibility/ARIA/Attributes/aria-braillelabel/contributors.txt]
[developer.mozilla.org/en-US/docs/Web/Accessibility/ARIA/Attributes/aria-braillelabel.html]
[developer.mozilla.org/en-US/docs/Web/Accessibility/ARIA/Attributes/aria-brailleroledescription/contributors.txt]
[developer.mozilla.org/en-US/docs/Web/Accessibility/ARIA/Attributes/aria-brailleroledescription.html]
[developer.mozilla.org/en-US/docs/Web/Accessibility/ARIA/Attributes/aria-busy/contributors.txt]
[developer.mozilla.org/en-US/docs/Web/Accessibility/ARIA/Attributes/aria-busy.html]
[developer.mozilla.org/en-US/docs/Web/Accessibility/ARIA/Attributes/aria-checked/contributors.txt]
[developer.mozilla.org/en-US/docs/Web/Accessibility/ARIA/Attributes/aria-checked.html]
[developer.mozilla.org/en-US/docs/Web/Accessibility/ARIA/Attributes/aria-colcount/contributors.txt]
[developer.mozilla.org/en-US/docs/Web/Accessibility/ARIA/Attributes/aria-colcount.html]
[developer.mozilla.org/en-US/docs/Web/Accessibility/ARIA/Attributes/aria-colindex/contributors.txt]
[developer.mozilla.org/en-US/docs/Web/Accessibility/ARIA/Attributes/aria-colindex.html]
[developer.mozilla.org/en-US/docs/Web/Accessibility/ARIA/Attributes/aria-colindextext/contributors.txt]
[developer.mozilla.org/en-US/docs/Web/Accessibility/ARIA/Attributes/aria-colindextext.html]
[developer.mozilla.org/en-US/docs/Web/Accessibility/ARIA/Attributes/aria-colspan/contributors.txt]
[developer.mozilla.org/en-US/docs/Web/Accessibility/ARIA/Attributes/aria-colspan.html]
[developer.mozilla.org/en-US/docs/Web/Accessibility/ARIA/Attributes/aria-controls/contributors.txt]
[developer.mozilla.org/en-US/docs/Web/Accessibility/ARIA/Attributes/aria-controls.html]
[developer.mozilla.org/en-US/docs/Web/Accessibility/ARIA/Attributes/aria-current/contributors.txt]
[developer.mozilla.org/en-US/docs/Web/Accessibility/ARIA/Attributes/aria-current.html]
[developer.mozilla.org/en-US/docs/Web/Accessibility/ARIA/Attributes/aria-describedby/contributors.txt]
[developer.mozilla.org/en-US/docs/Web/Accessibility/ARIA/Attributes/aria-describedby.html]
[developer.mozilla.org/en-US/docs/Web/Accessibility/ARIA/Attributes/aria-description/contributors.txt]
[developer.mozilla.org/en-US/docs/Web/Accessibility/ARIA/Attributes/aria-description.html]
[developer.mozilla.org/en-US/docs/Web/Accessibility/ARIA/Attributes/aria-details/contributors.txt]
[developer.mozilla.org/en-US/docs/Web/Accessibility/ARIA/Attributes/aria-details.html]
[developer.mozilla.org/en-US/docs/Web/Accessibility/ARIA/Attributes/aria-disabled/contributors.txt]
[developer.mozilla.org/en-US/docs/Web/Accessibility/ARIA/Attributes/aria-disabled.html]
[developer.mozilla.org/en-US/docs/Web/Accessibility/ARIA/Attributes/aria-dropeffect/contributors.txt]
[developer.mozilla.org/en-US/docs/Web/Accessibility/ARIA/Attributes/aria-dropeffect.html]
[developer.mozilla.org/en-US/docs/Web/Accessibility/ARIA/Attributes/aria-errormessage/contributors.txt]
[developer.mozilla.org/en-US/docs/Web/Accessibility/ARIA/Attributes/aria-errormessage.html]
[developer.mozilla.org/en-US/docs/Web/Accessibility/ARIA/Attributes/aria-expanded/contributors.txt]
[developer.mozilla.org/en-US/docs/Web/Accessibility/ARIA/Attributes/aria-expanded.html]
[developer.mozilla.org/en-US/docs/Web/Accessibility/Understanding_WCAG/Operable.html]
[developer.mozilla.org/en-US/docs/Web/Accessibility/ARIA/Attributes/aria-flowto/contributors.txt]
[developer.mozilla.org/en-US/docs/Web/Accessibility/ARIA/Attributes/aria-flowto.html]
[developer.mozilla.org/en-US/docs/Web/Accessibility/ARIA/Attributes/aria-grabbed/contributors.txt]
[developer.mozilla.org/en-US/docs/Web/Accessibility/ARIA/Attributes/aria-grabbed.html]
[developer.mozilla.org/en-US/docs/Web/Accessibility/ARIA/Attributes/aria-haspopup/contributors.txt]
[developer.mozilla.org/en-US/docs/Web/Accessibility/ARIA/Attributes/aria-haspopup.html]
[developer.mozilla.org/en-US/docs/Web/Accessibility/ARIA/Attributes/aria-hidden/contributors.txt]
[developer.mozilla.org/en-US/docs/Web/Accessibility/ARIA/Attributes/aria-hidden.html]
[developer.mozilla.org/en-US/docs/Web/Accessibility/ARIA/Attributes/aria-invalid/contributors.txt]
[developer.mozilla.org/en-US/docs/Web/Accessibility/ARIA/Attributes/aria-invalid.html]
[developer.mozilla.org/en-US/docs/Web/Accessibility/ARIA/Attributes/aria-keyshortcuts/contributors.txt]
[developer.mozilla.org/en-US/docs/Web/Accessibility/ARIA/Attributes/aria-keyshortcuts.html]
[developer.mozilla.org/en-US/docs/Web/Accessibility/ARIA/Attributes/aria-label/contributors.txt]
[developer.mozilla.org/en-US/docs/Web/Accessibility/ARIA/Attributes/aria-label.html]
[developer.mozilla.org/en-US/docs/Web/Accessibility/ARIA/Roles/code_role]
[developer.mozilla.org/en-US/docs/Web/Accessibility/ARIA/Roles/caption_role]
[developer.mozilla.org/en-US/docs/Web/Accessibility/ARIA/Roles/deletion_role]
[developer.mozilla.org/en-US/docs/Web/Accessibility/ARIA/Roles/emphasis_role]
[developer.mozilla.org/en-US/docs/Web/Accessibility/ARIA/Roles/_role]
[developer.mozilla.org/en-US/docs/Web/Accessibility/ARIA/Roles/paragraph_role]
[developer.mozilla.org/en-US/docs/Web/Accessibility/ARIA/Roles/strong_role]
[developer.mozilla.org/en-US/docs/Web/Accessibility/ARIA/Roles/supscript_role]
[developer.mozilla.org/en-US/docs/Web/Accessibility/ARIA/Roles/superscript_role]
[developer.mozilla.org/en-US/docs/Web/Accessibility/ARIA/Roles/time_role]
[developer.mozilla.org/en-US/docs/Web/Accessibility/ARIA/Attributes/aria-labelledby/contributors.txt]
[developer.mozilla.org/en-US/docs/Web/Accessibility/ARIA/Attributes/aria-labelledby.html]
[developer.mozilla.org/en-US/docs/Web/Accessibility/Attributes/aria-setsize]
[developer.mozilla.org/en-US/docs/Web/Accessibility/Attributes/aria-posinset]
[developer.mozilla.org/en-US/docs/Web/Accessibility/ARIA/Roles/associationlistitemkey_role]
[developer.mozilla.org/en-US/docs/Web/Accessibility/ARIA/Attributes/aria-level/contributors.txt]
[developer.mozilla.org/en-US/docs/Web/Accessibility/ARIA/Attributes/aria-level.html]
[developer.mozilla.org/en-US/docs/Web/Accessibility/ARIA/Attributes/aria-live/contributors.txt]
[developer.mozilla.org/en-US/docs/Web/Accessibility/ARIA/Attributes/aria-live.html]
[developer.mozilla.org/en-US/docs/Web/Accessibility/ARIA/Attributes/aria-modal/contributors.txt]
[developer.mozilla.org/en-US/docs/Web/Accessibility/ARIA/Attributes/aria-modal.html]
[developer.mozilla.org/en-US/docs/Web/Accessibility/ARIA/Attributes/aria-multiline/contributors.txt]
[developer.mozilla.org/en-US/docs/Web/Accessibility/ARIA/Attributes/aria-multiline.html]
[developer.mozilla.org/en-US/docs/Web/Accessibility/ARIA/Attributes/aria-multiselectable/contributors.txt]
[developer.mozilla.org/en-US/docs/Web/Accessibility/ARIA/Attributes/aria-multiselectable.html]
[developer.mozilla.org/en-US/docs/Web/Accessibility/Understanding_WCAG/Keyboard.html]
[developer.mozilla.org/en-US/docs/Web/Accessibility/ARIA/Attributes/aria-orientation/contributors.txt]
[developer.mozilla.org/en-US/docs/Web/Accessibility/ARIA/Attributes/aria-orientation.html]
[developer.mozilla.org/en-US/docs/Web/Accessibility/ARIA/Attributes/aria-owns/contributors.txt]
[developer.mozilla.org/en-US/docs/Web/Accessibility/ARIA/Attributes/aria-owns.html]
[developer.mozilla.org/en-US/docs/Web/Accessibility/ARIA/Attributes/aria-placeholder/contributors.txt]
[developer.mozilla.org/en-US/docs/Web/Accessibility/ARIA/Attributes/aria-placeholder.html]
[developer.mozilla.org/en-US/docs/Web/Accessibility/ARIA/Roles/associationlistitemvalue_role]
[developer.mozilla.org/en-US/docs/Web/Accessibility/ARIA/Attributes/aria-posinset/contributors.txt]
[developer.mozilla.org/en-US/docs/Web/Accessibility/ARIA/Attributes/aria-posinset.html]
[developer.mozilla.org/en-US/docs/Web/Accessibility/ARIA/Attributes/aria-pressed/contributors.txt]
[developer.mozilla.org/en-US/docs/Web/Accessibility/ARIA/Attributes/aria-pressed.html]
[developer.mozilla.org/en-US/docs/Web/Accessibility/ARIA/Attributes/aria-readonly/contributors.txt]
[developer.mozilla.org/en-US/docs/Web/Accessibility/ARIA/Attributes/aria-readonly.html]
[developer.mozilla.org/en-US/docs/Web/Accessibility/ARIA/Attributes/aria-relevant/contributors.txt]
[developer.mozilla.org/en-US/docs/Web/Accessibility/ARIA/Attributes/aria-relevant.html]
[developer.mozilla.org/en-US/docs/Web/Accessibility/Understanding_WCAG/Understandable.html]
[developer.mozilla.org/en-US/docs/Web/Accessibility/ARIA/Attributes/aria-required/contributors.txt]
[developer.mozilla.org/en-US/docs/Web/Accessibility/ARIA/Attributes/aria-required.html]
[developer.mozilla.org/en-US/docs/Web/Accessibility/ARIA/Attributes/aria-roledescription/contributors.txt]
[developer.mozilla.org/en-US/docs/Web/Accessibility/ARIA/Attributes/aria-roledescription.html]
[developer.mozilla.org/en-US/docs/Web/Accessibility/ARIA/Attributes/aria-rowcount/contributors.txt]
[developer.mozilla.org/en-US/docs/Web/Accessibility/ARIA/Attributes/aria-rowcount.html]
[developer.mozilla.org/en-US/docs/Web/Accessibility/ARIA/Attributes/aria-rowindex/contributors.txt]
[developer.mozilla.org/en-US/docs/Web/Accessibility/ARIA/Attributes/aria-rowindex.html]
[developer.mozilla.org/en-US/docs/Web/Accessibility/ARIA/Attributes/aria-spanindex]
[developer.mozilla.org/en-US/docs/Web/Accessibility/ARIA/Attributes/aria-rowindextext/contributors.txt]
[developer.mozilla.org/en-US/docs/Web/Accessibility/ARIA/Attributes/aria-rowindextext.html]
[developer.mozilla.org/en-US/docs/Web/Accessibility/ARIA/Attributes/aria-rowspan/contributors.txt]
[developer.mozilla.org/en-US/docs/Web/Accessibility/ARIA/Attributes/aria-rowspan.html]
[developer.mozilla.org/en-US/docs/Web/Accessibility/ARIA/Attributes/aria-selected/contributors.txt]
[developer.mozilla.org/en-US/docs/Web/Accessibility/ARIA/Attributes/aria-selected.html]
[developer.mozilla.org/en-US/docs/Web/Accessibility/ARIA/Attributes/aria-setsize/contributors.txt]
[developer.mozilla.org/en-US/docs/Web/Accessibility/ARIA/Attributes/aria-setsize.html]
[developer.mozilla.org/en-US/docs/Web/Accessibility/ARIA/Attributes/aria-sort/contributors.txt]
[developer.mozilla.org/en-US/docs/Web/Accessibility/ARIA/Attributes/aria-sort.html]
[developer.mozilla.org/en-US/docs/Web/Accessibility/ARIA/Attributes/aria-valuemax/contributors.txt]
[developer.mozilla.org/en-US/docs/Web/Accessibility/ARIA/Attributes/aria-valuemax.html]
[developer.mozilla.org/en-US/docs/Web/Accessibility/ARIA/Attributes/aria-aria-valuenow]
[developer.mozilla.org/en-US/docs/Web/Accessibility/ARIA/Attributes/aria-valuemin/contributors.txt]
[developer.mozilla.org/en-US/docs/Web/Accessibility/ARIA/Attributes/aria-valuemin.html]
[developer.mozilla.org/en-US/docs/Web/Accessibility/ARIA/Attributes/aria-valuenow/contributors.txt]
[developer.mozilla.org/en-US/docs/Web/Accessibility/ARIA/Attributes/aria-valuenow.html]
[developer.mozilla.org/en-US/docs/Web/Accessibility/ARIA/Attributes/aria-valuetext/contributors.txt]
[developer.mozilla.org/en-US/docs/Web/Accessibility/ARIA/Attributes/aria-valuetext.html]
[developer.mozilla.org/en-US/docs/Web/Accessibility/ARIA/Roles/alert_role/contributors.txt]
[developer.mozilla.org/en-US/docs/Web/Accessibility/ARIA/Roles/alert_role.html]
[developer.mozilla.org/en-US/docs/Web/Accessibility/ARIA/Roles/alertdialog_role/contributors.txt]
[developer.mozilla.org/en-US/docs/Web/Accessibility/ARIA/Roles/alertdialog_role.html]
[developer.mozilla.org/en-US/docs/Web/Accessibility/ARIA/Roles/application_role/contributors.txt]
[developer.mozilla.org/en-US/docs/Web/Accessibility/ARIA/Roles/application_role.html]
[developer.mozilla.org/en-US/docs/Web/Accessibility/ARIA/Roles/article_role/contributors.txt]
[developer.mozilla.org/en-US/docs/Web/Accessibility/ARIA/Roles/article_role.html]
[developer.mozilla.org/en-US/docs/Web/Accessibility/ARIA/Roles/banner_role/contributors.txt]
[developer.mozilla.org/en-US/docs/Web/Accessibility/ARIA/Roles/banner_role.html]
[developer.mozilla.org/en-US/docs/Web/Accessibility/ARIA/Roles/button_role/contributors.txt]
[developer.mozilla.org/en-US/docs/Web/Accessibility/ARIA/Roles/button_role.html]
[developer.mozilla.org/en-US/docs/Web/Accessibility/ARIA/Roles/cell_role/contributors.txt]
[developer.mozilla.org/en-US/docs/Web/Accessibility/ARIA/Roles/cell_role.html]
[developer.mozilla.org/en-US/docs/Web/Accessibility/ARIA/Roles/checkbox_role/contributors.txt]
[developer.mozilla.org/en-US/docs/Web/Accessibility/ARIA/Roles/checkbox_role.html]
[developer.mozilla.org/en-US/docs/Web/Accessibility/ARIA/Roles/columnheader_role/contributors.txt]
[developer.mozilla.org/en-US/docs/Web/Accessibility/ARIA/Roles/columnheader_role.html]
[developer.mozilla.org/en-US/docs/Web/Accessibility/ARIA/Roles/combobox_role/contributors.txt]
[developer.mozilla.org/en-US/docs/Web/Accessibility/ARIA/Roles/combobox_role.html]
[developer.mozilla.org/en-US/docs/Web/Accessibility/ARIA/Roles/command_role/contributors.txt]
[developer.mozilla.org/en-US/docs/Web/Accessibility/ARIA/Roles/command_role.html]
[developer.mozilla.org/en-US/docs/Web/Accessibility/ARIA/Roles/comment_role/contributors.txt]
[developer.mozilla.org/en-US/docs/Web/Accessibility/ARIA/Roles/comment_role.html]
[developer.mozilla.org/en-US/docs/Web/Accessibility/ARIA/Roles/complementary_role/contributors.txt]
[developer.mozilla.org/en-US/docs/Web/Accessibility/ARIA/Roles/complementary_role.html]
[developer.mozilla.org/en-US/docs/Web/Accessibility/ARIA/Roles/composite_role/contributors.txt]
[developer.mozilla.org/en-US/docs/Web/Accessibility/ARIA/Roles/composite_role.html]
[developer.mozilla.org/en-US/docs/Web/Accessibility/ARIA/Roles/contentinfo_role/contributors.txt]
[developer.mozilla.org/en-US/docs/Web/Accessibility/ARIA/Roles/contentinfo_role.html]
[developer.mozilla.org/en-US/docs/Web/Accessibility/ARIA/Roles/definition_role/contributors.txt]
[developer.mozilla.org/en-US/docs/Web/Accessibility/ARIA/Roles/definition_role.html]
[developer.mozilla.org/en-US/docs/Web/Accessibility/ARIA/Roles/dialog_role/contributors.txt]
[developer.mozilla.org/en-US/docs/Web/Accessibility/ARIA/Roles/dialog_role.html]
[developer.mozilla.org/en-US/docs/Web/Accessibility/ARIA/Roles/directory_role/contributors.txt]
[developer.mozilla.org/en-US/docs/Web/Accessibility/ARIA/Roles/directory_role.html]
[developer.mozilla.org/en-US/docs/Web/Accessibility/ARIA/Roles/document_role/contributors.txt]
[developer.mozilla.org/en-US/docs/Web/Accessibility/ARIA/Roles/document_role.html]
[developer.mozilla.org/en-US/docs/Web/Accessibility/ARIA/Roles/structural_roles/contributors.txt]
[developer.mozilla.org/en-US/docs/Web/Accessibility/ARIA/Roles/structural_roles.html]
[developer.mozilla.org/en-US/docs/Web/Accessibility/ARIA/Roles/feed_role/contributors.txt]
[developer.mozilla.org/en-US/docs/Web/Accessibility/ARIA/Roles/feed_role.html]
[developer.mozilla.org/en-US/docs/Web/Accessibility/ARIA/Roles/figure_role/contributors.txt]
[developer.mozilla.org/en-US/docs/Web/Accessibility/ARIA/Roles/figure_role.html]
[developer.mozilla.org/en-US/docs/Web/Accessibility/ARIA/Roles/form_role/contributors.txt]
[developer.mozilla.org/en-US/docs/Web/Accessibility/ARIA/Roles/form_role.html]
[developer.mozilla.org/en-US/docs/Web/Accessibility/ARIA/Roles/generic_role/contributors.txt]
[developer.mozilla.org/en-US/docs/Web/Accessibility/ARIA/Roles/generic_role.html]
[developer.mozilla.org/en-US/docs/Web/Accessibility/ARIA/Roles/grid_role/contributors.txt]
[developer.mozilla.org/en-US/docs/Web/Accessibility/ARIA/Roles/grid_role.html]
[developer.mozilla.org/en-US/docs/Web/Accessibility/ARIA/Roles/gridcell_role/contributors.txt]
[developer.mozilla.org/en-US/docs/Web/Accessibility/ARIA/Roles/gridcell_role.html]
[developer.mozilla.org/en-US/docs/Web/Accessibility/ARIA/Roles/group_role/contributors.txt]
[developer.mozilla.org/en-US/docs/Web/Accessibility/ARIA/Roles/group_role.html]
[developer.mozilla.org/en-US/docs/Web/Accessibility/ARIA/Roles/heading_role/contributors.txt]
[developer.mozilla.org/en-US/docs/Web/Accessibility/ARIA/Roles/heading_role.html]
[developer.mozilla.org/en-US/docs/Web/Accessibility/ARIA/Roles/img_role/contributors.txt]
[developer.mozilla.org/en-US/docs/Web/Accessibility/ARIA/Roles/img_role.html]
[developer.mozilla.org/en-US/docs/Web/Accessibility/ARIA/Roles/input_role/contributors.txt]
[developer.mozilla.org/en-US/docs/Web/Accessibility/ARIA/Roles/input_role.html]
[developer.mozilla.org/en-US/docs/Web/Accessibility/ARIA/Roles/landmark_role/contributors.txt]
[developer.mozilla.org/en-US/docs/Web/Accessibility/ARIA/Roles/landmark_role.html]
[developer.mozilla.org/en-US/docs/Web/Accessibility/ARIA/Roles/link_role/contributors.txt]
[developer.mozilla.org/en-US/docs/Web/Accessibility/ARIA/Roles/link_role.html]
[developer.mozilla.org/en-US/docs/Web/Accessibility/ARIA/Roles/list_role/contributors.txt]
[developer.mozilla.org/en-US/docs/Web/Accessibility/ARIA/Roles/list_role.html]
[developer.mozilla.org/en-US/docs/Web/Accessibility/ARIA/Roles/listbox_role/contributors.txt]
[developer.mozilla.org/en-US/docs/Web/Accessibility/ARIA/Roles/listbox_role.html]
[developer.mozilla.org/en-US/docs/Web/Accessibility/ARIA/Roles/listitem_role/contributors.txt]
[developer.mozilla.org/en-US/docs/Web/Accessibility/ARIA/Roles/listitem_role.html]
[developer.mozilla.org/en-US/docs/Web/Accessibility/ARIA/Roles/log_role/contributors.txt]
[developer.mozilla.org/en-US/docs/Web/Accessibility/ARIA/Roles/log_role.html]
[developer.mozilla.org/en-US/docs/Web/Accessibility/ARIA/Roles/main_role/contributors.txt]
[developer.mozilla.org/en-US/docs/Web/Accessibility/ARIA/Roles/main_role.html]
[developer.mozilla.org/en-US/docs/Web/Accessibility/ARIA/Roles/mark_role/contributors.txt]
[developer.mozilla.org/en-US/docs/Web/Accessibility/ARIA/Roles/mark_role.html]
[developer.mozilla.org/en-US/docs/Web/Accessibility/ARIA/Roles/marquee_role/contributors.txt]
[developer.mozilla.org/en-US/docs/Web/Accessibility/ARIA/Roles/marquee_role.html]
[developer.mozilla.org/en-US/docs/Web/Accessibility/ARIA/Roles/math_role/contributors.txt]
[developer.mozilla.org/en-US/docs/Web/Accessibility/ARIA/Roles/math_role.html]
[developer.mozilla.org/en-US/docs/Web/Accessibility/ARIA/Roles/menu_role/contributors.txt]
[developer.mozilla.org/en-US/docs/Web/Accessibility/ARIA/Roles/menu_role.html]
[developer.mozilla.org/en-US/docs/Web/Accessibility/ARIA/Roles/menubar_role/contributors.txt]
[developer.mozilla.org/en-US/docs/Web/Accessibility/ARIA/Roles/menubar_role.html]
[developer.mozilla.org/en-US/docs/Web/Accessibility/ARIA/Roles/menuitem_role/contributors.txt]
[developer.mozilla.org/en-US/docs/Web/Accessibility/ARIA/Roles/menuitem_role.html]
[developer.mozilla.org/en-US/docs/Web/Accessibility/ARIA/Roles/menuitemcheckbox_role/contributors.txt]
[developer.mozilla.org/en-US/docs/Web/Accessibility/ARIA/Roles/menuitemcheckbox_role.html]
[developer.mozilla.org/en-US/docs/Web/Accessibility/ARIA/Roles/menuitemradio_role/contributors.txt]
[developer.mozilla.org/en-US/docs/Web/Accessibility/ARIA/Roles/menuitemradio_role.html]
[developer.mozilla.org/en-US/docs/Web/Accessibility/ARIA/Roles/meter_role/contributors.txt]
[developer.mozilla.org/en-US/docs/Web/Accessibility/ARIA/Roles/meter_role.html]
[developer.mozilla.org/en-US/docs/Web/Accessibility/ARIA/Roles/navigation_role/contributors.txt]
[developer.mozilla.org/en-US/docs/Web/Accessibility/ARIA/Roles/navigation_role.html]
[developer.mozilla.org/en-US/docs/Web/Accessibility/ARIA/Roles/none_role/contributors.txt]
[developer.mozilla.org/en-US/docs/Web/Accessibility/ARIA/Roles/none_role.html]
[developer.mozilla.org/en-US/docs/Web/Accessibility/ARIA/Roles/note_role/contributors.txt]
[developer.mozilla.org/en-US/docs/Web/Accessibility/ARIA/Roles/note_role.html]
[developer.mozilla.org/en-US/docs/Web/Accessibility/ARIA/Roles/option_role/contributors.txt]
[developer.mozilla.org/en-US/docs/Web/Accessibility/ARIA/Roles/option_role.html]
[developer.mozilla.org/en-US/docs/Web/Accessibility/ARIA/Roles/presentation_role/contributors.txt]
[developer.mozilla.org/en-US/docs/Web/Accessibility/ARIA/Roles/presentation_role.html]
[developer.mozilla.org/en-US/docs/Web/Accessibility/ARIA/Roles/progressbar_role/contributors.txt]
[developer.mozilla.org/en-US/docs/Web/Accessibility/ARIA/Roles/progressbar_role.html]
[developer.mozilla.org/en-US/docs/Web/Accessibility/ARIA/Roles/radio_role/contributors.txt]
[developer.mozilla.org/en-US/docs/Web/Accessibility/ARIA/Roles/radio_role.html]
[developer.mozilla.org/en-US/docs/web/accessibility/aria-2.html]
[developer.mozilla.org/en-US/docs/web/accessibility/aria/roles-2.html]
[developer.mozilla.org/en-US/docs/web/accessibility/aria/roles/radiogroup_role/contributors.txt]
[developer.mozilla.org/en-US/docs/web/accessibility/aria/roles/radiogroup_role.html]
[developer.mozilla.org/en-US/docs/Web/Accessibility/ARIA/Roles/range_role/contributors.txt]
[developer.mozilla.org/en-US/docs/Web/Accessibility/ARIA/Roles/range_role.html]
[developer.mozilla.org/en-US/docs/Web/Accessibility/ARIA/Roles/region_role/contributors.txt]
[developer.mozilla.org/en-US/docs/Web/Accessibility/ARIA/Roles/region_role.html]
[developer.mozilla.org/en-US/docs/Web/Accessibility/ARIA/Roles/roletype_role/contributors.txt]
[developer.mozilla.org/en-US/docs/Web/Accessibility/ARIA/Roles/roletype_role.html]
[developer.mozilla.org/en-US/docs/Web/Accessibility/ARIA/Roles/row_role/contributors.txt]
[developer.mozilla.org/en-US/docs/Web/Accessibility/ARIA/Roles/row_role.html]
[developer.mozilla.org/en-US/docs/Web/Accessibility/ARIA/Roles/rowgroup_role/contributors.txt]
[developer.mozilla.org/en-US/docs/Web/Accessibility/ARIA/Roles/rowgroup_role.html]
[developer.mozilla.org/en-US/docs/Web/Accessibility/ARIA/Roles/gridell_role]
[developer.mozilla.org/en-US/docs/Web/Accessibility/ARIA/Roles/rowheader_role/contributors.txt]
[developer.mozilla.org/en-US/docs/Web/Accessibility/ARIA/Roles/rowheader_role.html]
[developer.mozilla.org/en-US/docs/Web/Accessibility/ARIA/Roles/scrollbar_role/contributors.txt]
[developer.mozilla.org/en-US/docs/Web/Accessibility/ARIA/Roles/scrollbar_role.html]
[developer.mozilla.org/en-US/docs/Web/Accessibility/ARIA/Roles/search_role/contributors.txt]
[developer.mozilla.org/en-US/docs/Web/Accessibility/ARIA/Roles/search_role.html]
[developer.mozilla.org/en-US/docs/Web/Accessibility/ARIA/Roles/searchbox_role/contributors.txt]
[developer.mozilla.org/en-US/docs/Web/Accessibility/ARIA/Roles/searchbox_role.html]
[developer.mozilla.org/en-US/docs/Web/Accessibility/ARIA/Roles/subscript_role]
[developer.mozilla.org/en-US/docs/Web/Accessibility/ARIA/Roles/associationlist_role]
[developer.mozilla.org/en-US/docs/Web/Accessibility/ARIA/Roles/blockquote_role]
[developer.mozilla.org/en-US/docs/Web/Accessibility/ARIA/Roles/insertion_role]
[developer.mozilla.org/en-US/docs/Web/Accessibility/ARIA/Roles/section_role/contributors.txt]
[developer.mozilla.org/en-US/docs/Web/Accessibility/ARIA/Roles/section_role.html]
[developer.mozilla.org/en-US/docs/Web/Accessibility/ARIA/Roles/sectionhead_role/contributors.txt]
[developer.mozilla.org/en-US/docs/Web/Accessibility/ARIA/Roles/sectionhead_role.html]
[developer.mozilla.org/en-US/docs/Web/Accessibility/ARIA/Roles/select_role/contributors.txt]
[developer.mozilla.org/en-US/docs/Web/Accessibility/ARIA/Roles/select_role.html]
[developer.mozilla.org/en-US/docs/Web/Accessibility/ARIA/Roles/separator_role/contributors.txt]
[developer.mozilla.org/en-US/docs/Web/Accessibility/ARIA/Roles/separator_role.html]
[developer.mozilla.org/en-US/docs/Web/Accessibility/ARIA/Roles/slider_role/contributors.txt]
[developer.mozilla.org/en-US/docs/Web/Accessibility/ARIA/Roles/slider_role.html]
[developer.mozilla.org/en-US/docs/Web/Accessibility/ARIA/Roles/spinbutton_role/contributors.txt]
[developer.mozilla.org/en-US/docs/Web/Accessibility/ARIA/Roles/spinbutton_role.html]
[developer.mozilla.org/en-US/docs/Web/Accessibility/ARIA/Roles/status_role/contributors.txt]
[developer.mozilla.org/en-US/docs/Web/Accessibility/ARIA/Roles/status_role.html]
[developer.mozilla.org/en-US/docs/Web/Accessibility/ARIA/Roles/structure_role/contributors.txt]
[developer.mozilla.org/en-US/docs/Web/Accessibility/ARIA/Roles/structure_role.html]
[developer.mozilla.org/en-US/docs/Web/Accessibility/ARIA/Roles/suggestion_role/contributors.txt]
[developer.mozilla.org/en-US/docs/Web/Accessibility/ARIA/Roles/suggestion_role.html]
[developer.mozilla.org/en-US/docs/Web/Accessibility/ARIA/Roles/switch_role/contributors.txt]
[developer.mozilla.org/en-US/docs/Web/Accessibility/ARIA/Roles/switch_role.html]
[developer.mozilla.org/en-US/docs/Web/Accessibility/ARIA/Roles/tab_role/contributors.txt]
[developer.mozilla.org/en-US/docs/Web/Accessibility/ARIA/Roles/tab_role.html]
[developer.mozilla.org/en-US/docs/Web/Accessibility/ARIA/Roles/table_role/contributors.txt]
[developer.mozilla.org/en-US/docs/Web/Accessibility/ARIA/Roles/table_role.html]
[developer.mozilla.org/en-US/docs/Web/Accessibility/ARIA/Roles/tablist_role/contributors.txt]
[developer.mozilla.org/en-US/docs/Web/Accessibility/ARIA/Roles/tablist_role.html]
[developer.mozilla.org/en-US/docs/Web/Accessibility/ARIA/Roles/tabpanel_role/contributors.txt]
[developer.mozilla.org/en-US/docs/Web/Accessibility/ARIA/Roles/tabpanel_role.html]
[developer.mozilla.org/en-US/docs/Web/Accessibility/ARIA/Roles/term_role/contributors.txt]
[developer.mozilla.org/en-US/docs/Web/Accessibility/ARIA/Roles/term_role.html]
[developer.mozilla.org/en-US/docs/Web/Accessibility/ARIA/Roles/textbox_role/contributors.txt]
[developer.mozilla.org/en-US/docs/Web/Accessibility/ARIA/Roles/textbox_role.html]
[developer.mozilla.org/en-US/docs/Web/Accessibility/ARIA/Roles/timer_role/contributors.txt]
[developer.mozilla.org/en-US/docs/Web/Accessibility/ARIA/Roles/timer_role.html]
[developer.mozilla.org/en-US/docs/Web/Accessibility/ARIA/Roles/toolbar_role/contributors.txt]
[developer.mozilla.org/en-US/docs/Web/Accessibility/ARIA/Roles/toolbar_role.html]
[developer.mozilla.org/en-US/docs/Web/Accessibility/ARIA/Roles/tooltip_role/contributors.txt]
[developer.mozilla.org/en-US/docs/Web/Accessibility/ARIA/Roles/tooltip_role.html]
[developer.mozilla.org/en-US/docs/Web/Accessibility/ARIA/Roles/tree_role/contributors.txt]
[developer.mozilla.org/en-US/docs/Web/Accessibility/ARIA/Roles/tree_role.html]
[developer.mozilla.org/en-US/docs/Web/Accessibility/ARIA/Roles/treegrid_role/contributors.txt]
[developer.mozilla.org/en-US/docs/Web/Accessibility/ARIA/Roles/treegrid_role.html]
[developer.mozilla.org/en-US/docs/Web/Accessibility/ARIA/Roles/treeitem_role/contributors.txt]
[developer.mozilla.org/en-US/docs/Web/Accessibility/ARIA/Roles/treeitem_role.html]
[developer.mozilla.org/en-US/docs/Web/Accessibility/ARIA/Roles/widget_role/contributors.txt]
[developer.mozilla.org/en-US/docs/Web/Accessibility/ARIA/Roles/widget_role.html]
[developer.mozilla.org/en-US/docs/Web/Accessibility/ARIA/Roles/window_role/contributors.txt]
[developer.mozilla.org/en-US/docs/Web/Accessibility/ARIA/Roles/window_role.html]
[developer.mozilla.org/en-US/docs/Web/Accessibility/ARIA/Roles/contributors.txt]
[developer.mozilla.org/en-US/docs/Web/Accessibility/ARIA/Roles.html]
[developer.mozilla.org/en-US/docs/Web/Accessibility/ARIA/Attributes/contributors.txt]
[developer.mozilla.org/en-US/docs/Web/Accessibility/ARIA/Attributes.html]
[developer.mozilla.org/en-US/docs/Web/Accessibility/Accessibility_and_Spacial_Patterns.html]
[developer.mozilla.org/en-US/docs/Web/Accessibility/FAQ.html]
[developer.mozilla.org/en-US/docs/Web/Accessibility/Information_for_Web_authors.html]
[developer.mozilla.org/en-US/docs/Web/Accessibility/Accessibility__What_users_can_to_to_browse_safely.html]
[developer.mozilla.org/en-US/docs/Web/Accessibility/Accessible_dynamic_content.html]
[developer.mozilla.org/en-US/docs/Web/Accessibility/An_overview_of_accessible_web_applications_and_widgets.html]
[developer.mozilla.org/en-US/docs/Web/Accessibility/Architecture.html]
[developer.mozilla.org/en-US/docs/Web/Accessibility/Cognitive_accessibility.html]
[developer.mozilla.org/en-US/docs/Web/Accessibility/Community.html]
[developer.mozilla.org/en-US/docs/Web/Accessibility/Mobile_accessibility_checklist.html]
[developer.mozilla.org/en-US/docs/Web/Accessibility/Understanding_WCAG.html]
[developer.mozilla.org/en-US/docs/Web/Accessibility/Seizure_disorders.html]
[developer.mozilla.org/en-US/docs/Web/Accessibility/Understanding_Colors_and_Luminance.html]
[developer.mozilla.org/en-US/docs/Web/Accessibility/Keyboard-navigable_JavaScript_widgets/contributors.txt]
[developer.mozilla.org/en-US/docs/Web/Accessibility/Keyboard-navigable_JavaScript_widgets.html]
[developer.mozilla.org/en-US/docs/Web/Accessibility/ARIA/forms/Multipart_labels/contributors.txt]
[developer.mozilla.org/en-US/docs/Web/Accessibility/ARIA/forms/Multipart_labels.html]
[developer.mozilla.org/en-US/docs/Web/Accessibility/ARIA/Role/Table_role]
[developer.mozilla.org/en-US/docs/Web/Accessibility/ARIA/Role/Table_role/index.html]
[developer.mozilla.org/en-US/docs/Web/Accessibility/Understanding_WCAG/Perceivable.html]
[developer.mozilla.org/en-US/docs/Web/Accessibility/Understanding_WCAG/Perceivable/Color_contrast.html]
[developer.mozilla.org/en-US/docs/Web/Accessibility/Understanding_WCAG/Perceivable/Use_of_color.html]
[developer.mozilla.org/en-US/docs/Web/Accessibility/Understanding_WCAG/Robust.html]
[developer.mozilla.org/en-US/docs/Web/Accessibility/Understanding_WCAG/Text_labels_and_names.html]
[developer.mozilla.org/en-US/docs/Web/Accessibility/Understanding_WCAG/Operable/contributors.txt]
[developer.mozilla.org/en-US/docs/Web/Accessibility/Understanding_WCAG/Operable.html]
[developer.mozilla.org/en-US/docs/Web/Accessibility/ARIA/Roles/code_role.html]
[developer.mozilla.org/en-US/docs/Web/Accessibility/ARIA/Roles/caption_role.html]
[developer.mozilla.org/en-US/docs/Web/Accessibility/ARIA/Roles/deletion_role.html]
[developer.mozilla.org/en-US/docs/Web/Accessibility/ARIA/Roles/emphasis_role.html]
[developer.mozilla.org/en-US/docs/Web/Accessibility/ARIA/Roles/_role.html]
[developer.mozilla.org/en-US/docs/Web/Accessibility/ARIA/Roles/paragraph_role.html]
[developer.mozilla.org/en-US/docs/Web/Accessibility/ARIA/Roles/strong_role.html]
[developer.mozilla.org/en-US/docs/Web/Accessibility/ARIA/Roles/supscript_role.html]
[developer.mozilla.org/en-US/docs/Web/Accessibility/ARIA/Roles/superscript_role.html]
[developer.mozilla.org/en-US/docs/Web/Accessibility/ARIA/Roles/time_role.html]
[developer.mozilla.org/en-US/docs/Web/Accessibility/Attributes/aria-setsize.html]
[developer.mozilla.org/en-US/docs/Web/Accessibility/Attributes/aria-posinset.html]
[developer.mozilla.org/en-US/docs/Web/Accessibility/ARIA/Roles/associationlistitemkey_role.html]
[developer.mozilla.org/en-US/docs/Web/Accessibility/Understanding_WCAG/Keyboard/contributors.txt]
[developer.mozilla.org/en-US/docs/Web/Accessibility/Understanding_WCAG/Keyboard.html]
[developer.mozilla.org/en-US/docs/Web/Accessibility/ARIA/Roles/associationlistitemvalue_role.html]
[developer.mozilla.org/en-US/docs/Web/Accessibility/Understanding_WCAG/Understandable/contributors.txt]
[developer.mozilla.org/en-US/docs/Web/Accessibility/Understanding_WCAG/Understandable.html]
[developer.mozilla.org/en-US/docs/Web/Accessibility/ARIA/Attributes/aria-spanindex.html]
[developer.mozilla.org/en-US/docs/Web/Accessibility/ARIA/Attributes/aria-aria-valuenow.html]
[developer.mozilla.org/en-US/docs/web/accessibility/aria-2.html]
[developer.mozilla.org/en-US/docs/web/accessibility/aria/roles-2.html]
[developer.mozilla.org/en-US/docs/Web/Accessibility/ARIA/Roles/gridell_role.html]
[developer.mozilla.org/en-US/docs/Web/Accessibility/ARIA/Roles/subscript_role.html]
[developer.mozilla.org/en-US/docs/Web/Accessibility/ARIA/Roles/associationlist_role.html]
[developer.mozilla.org/en-US/docs/Web/Accessibility/ARIA/Roles/blockquote_role.html]
[developer.mozilla.org/en-US/docs/Web/Accessibility/ARIA/Roles/insertion_role.html]
[developer.mozilla.org/en-US/docs/Web/Accessibility/Accessibility_and_Spacial_Patterns/yellow_edge_3.gif]
[developer.mozilla.org/en-US/docs/Web/Accessibility/Accessibility_and_Spacial_Patterns/yellow_edge_4.gif]
[developer.mozilla.org/en-US/docs/Web/Accessibility/Accessibility_and_Spacial_Patterns/contributors.txt]
[developer.mozilla.org/en-US/docs/Web/Accessibility/Accessibility_and_Spacial_Patterns.html]
[developer.mozilla.org/en-US/docs/Web/Accessibility/FAQ/contributors.txt]
[developer.mozilla.org/en-US/docs/Web/Accessibility/FAQ.html]
[developer.mozilla.org/en-US/docs/Web/Accessibility/Information_for_Web_authors/contributors.txt]
[developer.mozilla.org/en-US/docs/Web/Accessibility/Information_for_Web_authors.html]
[developer.mozilla.org/en-US/docs/Web/Accessibility/Accessibility__What_users_can_to_to_browse_safely/android-remove-animations.png]
[developer.mozilla.org/en-US/docs/Web/Accessibility/Accessibility__What_users_can_to_to_browse_safely/macos-reduce-motion.png]
[developer.mozilla.org/en-US/docs/Web/Accessibility/Accessibility__What_users_can_to_to_browse_safely/image_animation_mode.png]
[developer.mozilla.org/en-US/docs/Web/Accessibility/Accessibility__What_users_can_to_to_browse_safely/beelinereader.png]
[developer.mozilla.org/en-US/docs/Web/Accessibility/Accessibility__What_users_can_to_to_browse_safely/turnoffanimationsinwindows.png]
[developer.mozilla.org/en-US/docs/Web/Accessibility/Accessibility__What_users_can_to_to_browse_safely/colorfiltersgrayscaleinwindows.png]
[developer.mozilla.org/en-US/docs/Web/Accessibility/Accessibility__What_users_can_to_to_browse_safely/contributors.txt]
[developer.mozilla.org/en-US/docs/Web/Accessibility/Accessibility__What_users_can_to_to_browse_safely.html]
[developer.mozilla.org/en-US/docs/Web/Accessibility/Accessible_dynamic_content/contributors.txt]
[developer.mozilla.org/en-US/docs/Web/Accessibility/Accessible_dynamic_content.html]
[developer.mozilla.org/en-US/docs/Web/Accessibility/An_overview_of_accessible_web_applications_and_widgets/tabs_widget.png]
[developer.mozilla.org/en-US/docs/Web/Accessibility/An_overview_of_accessible_web_applications_and_widgets/contributors.txt]
[developer.mozilla.org/en-US/docs/Web/Accessibility/An_overview_of_accessible_web_applications_and_widgets.html]
[developer.mozilla.org/en-US/docs/Web/Accessibility/Architecture/contributors.txt]
[developer.mozilla.org/en-US/docs/Web/Accessibility/Architecture.html]
[developer.mozilla.org/en-US/docs/Web/Accessibility/Cognitive_accessibility/contributors.txt]
[developer.mozilla.org/en-US/docs/Web/Accessibility/Cognitive_accessibility.html]
[developer.mozilla.org/en-US/docs/Web/Accessibility/Community/contributors.txt]
[developer.mozilla.org/en-US/docs/Web/Accessibility/Community.html]
[developer.mozilla.org/en-US/docs/Web/Accessibility/Mobile_accessibility_checklist/contributors.txt]
[developer.mozilla.org/en-US/docs/Web/Accessibility/Mobile_accessibility_checklist.html]
[developer.mozilla.org/en-US/docs/Web/Accessibility/Understanding_WCAG/contributors.txt]
[developer.mozilla.org/en-US/docs/Web/Accessibility/Understanding_WCAG.html]
[developer.mozilla.org/en-US/docs/Web/Accessibility/Seizure_disorders/peatversion1pt6.png]
[developer.mozilla.org/en-US/docs/Web/Accessibility/Seizure_disorders/screen_shot_2019-06-20_at_11.16.17_am.png]
[developer.mozilla.org/en-US/docs/Web/Accessibility/Seizure_disorders/contributors.txt]
[developer.mozilla.org/en-US/docs/Web/Accessibility/Seizure_disorders.html]
[developer.mozilla.org/en-US/docs/Web/Accessibility/Understanding_Colors_and_Luminance/microcolorsc.jpg]
[developer.mozilla.org/en-US/docs/Web/Accessibility/Understanding_Colors_and_Luminance/conemosaics.jpg]
[developer.mozilla.org/en-US/docs/Web/Accessibility/Understanding_Colors_and_Luminance/yellowdotcheckershadow_dlyon.png]
[developer.mozilla.org/en-US/docs/Web/Accessibility/Understanding_Colors_and_Luminance/320px-red_saturations.svg.png]
[developer.mozilla.org/en-US/docs/Web/Accessibility/Understanding_Colors_and_Luminance/contributors.txt]
[developer.mozilla.org/en-US/docs/Web/Accessibility/Understanding_Colors_and_Luminance.html]
[developer.mozilla.org/en-US/docs/Web/Accessibility/ARIA/Role/Table_role.html]
[developer.mozilla.org/en-US/docs/Web/Accessibility/Understanding_WCAG/Perceivable/contributors.txt]
[developer.mozilla.org/en-US/docs/Web/Accessibility/Understanding_WCAG/Perceivable.html]
[developer.mozilla.org/en-US/docs/Web/Accessibility/Understanding_WCAG/Perceivable/Color_contrast/contributors.txt]
[developer.mozilla.org/en-US/docs/Web/Accessibility/Understanding_WCAG/Perceivable/Color_contrast.html]
[developer.mozilla.org/en-US/docs/Web/Accessibility/Understanding_WCAG/Perceivable/Use_of_color/contributors.txt]
[developer.mozilla.org/en-US/docs/Web/Accessibility/Understanding_WCAG/Perceivable/Use_of_color.html]
[developer.mozilla.org/en-US/docs/Web/Accessibility/Understanding_WCAG/Robust/contributors.txt]
[developer.mozilla.org/en-US/docs/Web/Accessibility/Understanding_WCAG/Robust.html]
[developer.mozilla.org/en-US/docs/Web/Accessibility/Understanding_WCAG/Text_labels_and_names/contributors.txt]
[developer.mozilla.org/en-US/docs/Web/Accessibility/Understanding_WCAG/Text_labels_and_names.html]
